中间数据集/按品类的日粒度时序数据集/花叶类.csv
日期,销量(千克),销售单价(元/千克),批发价格(元/千克),损耗率_品类,成本加成定价
2020-07-01,205.402,7.603820224719101,5.137370786516854,12.83,7.900161103906319
2020-07-02,198.362,7.238534278959811,4.2373758865248226,12.83,7.247361630312841
2020-07-04,236.587,7.84296577946768,4.921863117870722,12.83,8.403493185637137
2020-07-05,223.899,7.1055118110236215,4.3685236220472445,12.83,7.518472007771722
2020-07-08,152.57,8.111011904761906,5.0269642857142856,12.83,8.760724009490568
2020-07-09,187.439,7.79386189258312,4.836393861892583,12.83,8.395374692722172
2020-07-10,179.833,7.425065274151437,4.598537859007833,12.83,7.986166223834718
2020-07-11,270.343,7.843356643356643,4.850821678321679,12.83,8.399684910059133
2020-07-12,300.189,7.4479326186830015,4.6124349157733535,12.83,7.99354934944773
2020-07-13,190.832,7.681565656565657,4.865277777777777,12.83,8.430793609213257
2020-07-14,190.599,7.452058111380145,4.529491525423729,12.83,7.91674650012955
2020-07-15,217.442,7.167177242888402,4.366761487964989,12.83,7.622078767290121
2020-07-16,212.526,7.322317596566523,4.450085836909871,12.83,7.704588827813242
2020-07-17,195.67,7.2165137614678905,4.391422018348624,12.83,7.597003800794263
2020-07-18,274.265,7.513079470198675,4.6472682119205295,12.83,8.026833327350019
2020-07-19,319.791,7.329411764705882,4.551029411764706,12.83,7.871320018158524
2020-07-20,204.997,7.097453703703703,4.3556944444444445,12.83,7.552362774424474
2020-07-21,214.99,7.672196261682243,4.694836448598131,12.83,8.057792286896325
2020-07-22,232.41,7.363,4.431979999999999,12.83,7.717879070069494
2020-07-23,199.984,7.292626728110599,4.279608294930876,12.83,7.336134078458628
2020-07-24,176.325,7.626415094339623,4.50633423180593,12.83,7.754580814973416
2020-07-25,227.137,8.14941634241245,4.869299610894942,12.83,8.47974318476086
2020-07-26,250.825,8.29434306569343,4.864835766423358,12.83,8.478830091646532
2020-07-27,198.00900000000001,8.175,4.708529411764705,12.83,8.142068257660624
2020-07-28,165.443,8.299166666666666,4.769666666666667,12.83,8.258052294820365
2020-07-29,193.729,8.129297820823245,4.778305084745763,12.83,8.197771883850516
2020-07-30,201.743,8.051089588377724,4.730677966101695,12.83,8.148427732162816
2020-07-31,197.166,8.161098398169337,4.593935926773455,12.83,7.981311653848953
2020-08-01,229.89000000000001,8.309108159392789,4.736546489563567,12.83,8.168741530190823
2020-08-02,243.138,8.96234003656307,5.169506398537477,12.83,8.954942430741106
2020-08-03,207.843,8.439148936170213,5.0307872340425535,12.83,8.778491887414955
2020-08-04,180.012,7.937726098191215,4.635012919896641,12.83,8.111272609819121
2020-08-05,244.395,8.22904411764706,4.902334558823529,12.83,8.50818624970231
2020-08-06,234.777,8.13070707070707,4.826606060606061,12.83,8.34565744160832
2020-08-07,204.941,8.635915492957746,5.0128638497652585,12.83,8.73459521355777
2020-08-08,311.161,8.30354938271605,4.945277777777778,12.83,8.60373106060606
2020-08-09,250.59,8.382539682539683,4.993253968253968,12.83,8.709837962962963
2020-08-10,210.292,8.298491379310345,4.914288793103449,12.83,8.548205472373462
2020-08-11,216.713,7.644175824175824,4.748043956043956,12.83,8.11735600722454
2020-08-12,206.877,7.935159817351598,4.948949771689497,12.83,8.58587931177419
2020-08-13,188.208,7.247150259067357,4.484715025906736,12.83,7.76890696862083
2020-08-14,217.758,7.646583850931678,4.525093167701863,12.83,7.856801242236025
2020-08-15,245.136,8.16232741617357,4.766607495069033,12.83,8.341563116370809
2020-08-16,241.48,7.7790890269151145,4.484596273291926,12.83,7.84804347826087
2020-08-17,215.633,6.841935483870968,4.220172043010752,12.83,7.385301075268817
2020-08-18,225.113,7.237234042553191,4.464085106382979,12.83,7.803605828220858
2020-08-19,214.173,7.237528604118993,4.337894736842105,12.83,7.591315789473684
2020-08-20,233.532,7.4955319148936175,4.403297872340425,12.83,7.705771276595744
2020-08-21,207.076,7.7274881516587675,4.720023696682464,12.83,8.180574920092582
2020-08-22,273.081,7.595152603231598,4.6175224416517056,12.83,8.053824550673742
2020-08-23,261.552,7.777671755725191,4.613129770992367,12.83,8.051636450381679
2020-08-24,260.694,7.167216494845361,4.387298969072165,12.83,7.668116838487973
2020-08-25,343.427,5.9758802816901415,3.864894366197183,12.83,6.384912340455147
2020-08-26,241.686,6.901204819277109,4.100020080321285,12.83,7.101737924047302
2020-08-28,195.032,7.783453237410072,4.603069544364509,12.83,7.912716424469986
2020-08-29,267.031,8.042173112338858,4.914622467771639,12.83,8.41354837607
2020-08-30,266.387,7.96734693877551,4.7979962894248604,12.83,8.362693801044315
2020-08-31,224.882,7.780387931034483,4.765818965517242,12.83,8.30719707854406
2020-09-01,190.627,7.653768844221105,4.840226130653266,12.83,8.392634946982794
2020-09-02,179.819,7.812876712328767,4.577671232876713,12.83,8.010924657534247
2020-09-03,193.463,7.158808290155441,4.261476683937824,12.83,7.369925277939729
2020-09-04,176.316,7.429682997118156,4.365331412103746,12.83,7.639329971181556
2020-09-05,249.559,7.81122244488978,4.572004008016032,12.83,7.946100741305621
2020-09-06,275.793,8.112014134275618,4.607173144876325,12.83,8.053845280161534
2020-09-07,148.221,8.13936507936508,4.540063492063492,12.83,7.945111111111111
2020-09-08,158.329,7.644816053511707,4.3476254180602005,12.83,7.5479677873613795
2020-09-09,131.492,7.565277777777778,4.214027777777777,12.83,7.3523996663059155
2020-09-10,119.919,7.35983606557377,4.127008196721311,12.83,7.222264344262294
2020-09-11,151.957,7.290291262135922,4.328543689320388,12.83,7.5749514563106795
2020-09-12,231.525,7.467328918322296,4.286666666666666,12.83,7.494885708182012
2020-09-13,263.345,7.110351966873706,4.1888612836438925,12.83,7.307786892098573
2020-09-14,175.844,6.829714285714286,4.052885714285714,12.83,7.065724489795918
2020-09-17,143.534,7.566554054054054,4.198986486486487,12.83,7.326666154791155
2020-09-18,154.388,7.350159744408946,4.0644728434504795,12.83,7.112827476038339
2020-09-19,235.874,7.075,3.920926724137931,12.83,6.861621767241379
2020-09-21,212.997,6.912009803921569,3.5013480392156864,12.83,6.1273590686274515
2020-09-22,232.243,7.4154205607476635,4.11320093457944,12.83,7.1981016355140195
2020-09-24,162.861,8.042592592592593,4.6829629629629625,12.83,8.195185185185185
2020-09-26,226.926,8.358461538461539,5.037164835164835,12.83,8.790694368131868
2020-09-27,199.813,8.275471698113208,4.860539083557952,12.83,8.423100620454662
2020-09-28,114.933,8.4836820083682,4.907029288702929,12.83,8.587301255230127
2020-09-29,157.957,8.679746835443039,5.177499999999999,12.83,8.995151360743241
2020-10-01,248.415,8.848322147651006,5.250335570469799,12.83,9.012575520071726
2020-10-02,244.124,8.634979423868314,5.168024691358024,12.83,8.911441761377695
2020-10-03,298.341,8.66841046277666,5.211730382293762,12.83,8.968948718767633
2020-10-04,232.776,8.60576923076923,5.001514423076923,12.83,8.686544471153846
2020-10-05,294.623,7.903829787234043,4.735404255319149,12.83,8.217808510638298
2020-10-06,286.959,8.694003868471954,4.932398452611219,12.83,8.56399903288201
2020-10-07,255.378,8.097560975609756,4.670487804878048,12.83,8.081335920177384
2020-10-08,252.73,8.266815144766147,4.926659242761693,12.83,8.504727171492204
2020-10-09,162.518,8.421951219512195,4.981524390243902,12.83,8.626204268292684
2020-10-10,175.163,8.815384615384614,5.1262393162393165,12.83,8.850810841205579
2020-10-11,238.081,8.687272727272727,5.171676767676768,12.83,9.008346801346802
2020-10-12,170.212,7.9030136986301365,5.1053424657534245,12.83,8.469377068239842
2020-10-13,177.945,7.195174262734585,4.419624664879357,12.83,7.590031914985528
2020-10-14,182.96,7.96657223796034,4.816033994334277,12.83,8.191229580203531
2020-10-15,190.238,7.731476323119777,4.496072423398329,12.83,7.781289759220639
2020-10-16,170.77,7.745042492917847,4.410509915014164,12.83,7.718025426232643
2020-10-17,248.762,7.905346534653465,4.661069306930694,12.83,8.106212596259626
2020-10-19,152.709,7.238907849829351,4.3106484641638225,12.83,7.537445926422245
2020-10-20,186.078,7.599044585987261,4.416624203821656,12.83,7.717632639730362
2020-10-21,168.765,7.136963696369637,4.07019801980198,12.83,7.115185341704901
2020-10-22,117.235,7.457021276595745,4.462212765957447,12.83,7.808872340425532
2020-10-24,282.107,6.959607843137255,4.213137254901961,12.83,7.269103641456583
2020-10-25,223.397,7.20218818380744,4.407964989059081,12.83,7.713938730853392
2020-10-26,157.373,6.920886075949367,4.104873417721519,12.83,7.183528481012658
2020-10-27,154.566,6.871631205673759,4.183652482269504,12.83,7.018071366062549
2020-10-28,167.542,6.726729559748428,4.102106918238994,12.83,7.165685171746492
2020-10-29,120.551,6.841908713692947,4.089211618257261,12.83,7.099232973040811
2020-10-30,148.243,6.662676056338029,4.053556338028169,12.83,6.92333429484629
2020-10-31,248.102,6.461538461538462,3.964898785425101,12.83,6.774148525320607
2020-11-01,206.956,5.835249999999999,3.524375,12.83,6.09873777173913
2020-11-02,144.442,5.373033707865168,3.3217602996254683,12.83,5.6423001091291045
2020-11-03,135.067,5.34,3.182264150943396,12.83,5.512678555267307
2020-11-04,122.114,5.473991031390135,3.1316143497757847,12.83,5.480325112107623
2020-11-05,146.327,5.105923344947736,2.9162717770034843,12.83,5.103475609756098
2020-11-06,142.586,5.434317343173432,3.0891143911439114,12.83,5.405950184501846
2020-11-08,209.808,5.621693121693122,3.22457671957672,12.83,5.553888888888888
2020-11-09,144.911,5.740148698884758,3.274014869888476,12.83,5.6969221020615075
2020-11-10,157.962,4.87687074829932,2.83078231292517,12.83,4.9453457681774005
2020-11-11,150.867,5.004511278195489,3.1647744360902257,12.83,5.1184835277504455
2020-11-12,151.144,5.012252964426877,3.065415019762846,12.83,5.198179267961036
2020-11-13,141.977,4.784474885844749,2.7395890410958907,12.83,4.772792152883477
2020-11-14,207.145,6.306434316353888,3.8093565683646116,12.83,6.391972315296665
2020-11-15,227.231,6.017307692307693,3.5069780219780218,12.83,5.960734250221828
2020-11-16,140.087,5.45234375,3.2180859375,12.83,5.546549685447257
2020-11-17,222.517,5.124355300859599,3.103323782234957,12.83,5.274758019158292
2020-11-18,203.322,4.608064516129033,2.802284946236559,12.83,4.828416008089504
2020-11-19,207.8,4.60327868852459,2.8977704918032785,12.83,4.908916234701576
2020-11-20,244.555,4.185549132947977,2.5545375722543353,12.83,4.3311532021085375
2020-11-22,371.968,4.092134831460674,2.450749063670412,12.83,4.2888108614232205
2020-11-23,294.311,4.588333333333333,2.6671428571428573,12.83,4.6674999999999995
2020-11-24,220.189,4.503183023872679,2.7158620689655173,12.83,4.655982452560702
2020-11-26,282.923,4.007926829268293,2.4866158536585368,12.83,4.173108705586643
2020-11-27,225.596,4.299016393442623,2.4571147540983604,12.83,4.28655032940095
2020-11-28,400.295,4.2501014198782965,2.5718864097363086,12.83,4.334106223391213
2020-11-29,287.707,3.8615566037735847,2.438679245283019,12.83,3.945134160929133
2020-11-30,207.353,4.055806451612903,2.520225806451613,12.83,4.102986267814251
2020-12-02,213.665,4.1003367003367,2.447171717171717,12.83,4.15310829678316
2020-12-03,274.097,4.031067961165048,2.411553398058252,12.83,4.138613679560282
2020-12-05,306.959,4.107788944723619,2.8125376884422115,12.83,4.4362025620997825
2020-12-06,367.129,4.082269503546099,2.71806146572104,12.83,4.480758450671593
2020-12-07,197.718,4.193984962406015,2.7657518796992484,12.83,4.520462859061365
2020-12-08,183.98,3.7473251028806587,2.5082304526748973,12.83,4.260672817658488
2020-12-09,180.673,4.176679841897234,2.819130434782609,12.83,4.651705019565571
2020-12-10,188.539,3.7583038869257948,2.667208480565371,12.83,4.226076616829123
2020-12-11,212.51,3.6485401459854017,2.424963503649635,12.83,4.126421299434708
2020-12-12,269.619,4.36870026525199,2.9414058355437667,12.83,4.993542162623142
2020-12-13,375.781,4.046487603305785,2.6803512396694216,12.83,4.558087882029917
2020-12-14,197.654,4.588142292490119,2.963715415019763,12.83,4.994532058410268
2020-12-15,203.808,4.177304964539007,2.8568439716312057,12.83,4.526283029155194
2020-12-17,167.799,4.261206896551724,2.788534482758621,12.83,4.556935834184317
2020-12-18,150.625,4.886530612244898,3.209591836734694,12.83,5.254897776927989
2020-12-19,266.55,4.642211055276381,2.986482412060301,12.83,4.945962295735571
2020-12-20,276.911,4.462589928057554,2.9548201438848922,12.83,4.806844671083552
2020-12-21,136.041,4.812376237623763,3.0807425742574255,12.83,5.124204835099257
2020-12-22,152.185,4.441743119266055,2.9928899082568807,12.83,4.874520247915324
2020-12-23,143.732,5.277731092436975,3.789747899159664,12.83,5.68696179936211
2020-12-24,218.53300000000002,4.215679442508711,2.8748083623693383,12.83,4.697832787147456
2020-12-25,159.654,5.379133858267716,3.640118110236221,12.83,5.884700780001051
2020-12-26,285.224,4.639664804469274,3.06768156424581,12.83,5.1593419713753494
2020-12-27,288.755,4.373614775725593,2.9776517150395776,12.83,4.934836289500022
2020-12-28,251.455,4.024148606811146,2.646470588235294,12.83,4.487522226354212
2020-12-29,223.512,4.509375,3.0369921875,12.83,5.155337352714885
2020-12-30,146.39000000000001,5.18,3.2004285714285716,12.83,5.529354171398289
2020-12-31,179.177,5.8198606271777,3.581707317073171,12.83,5.988300096254758
2021-01-02,212.911,5.701190476190476,3.7274107142857145,12.83,6.203242778439111
2021-01-03,224.88,5.698816568047337,3.748165680473373,12.83,6.223594604362197
2021-01-04,177.80100000000002,5.346209386281589,3.5835740072202165,12.83,5.903684743932595
2021-01-05,154.654,5.864,3.811,12.83,6.466786033133916
2021-01-06,176.824,5.764925373134329,3.918283582089552,12.83,6.456835589168321
2021-01-07,161.62800000000001,5.973705179282869,4.0601593625498005,12.83,6.656113092260784
2021-01-09,233.427,6.658656330749354,4.684547803617571,12.83,7.355577509993668
2021-01-11,182.204,5.821455938697318,3.9636015325670497,12.83,6.419298363638694
2021-01-12,173.449,6.124890829694323,4.047423580786027,12.83,6.437710465423387
2021-01-13,172.101,6.280459770114943,3.9737931034482763,12.83,6.713333333333334
2021-01-14,148.947,6.630275229357799,4.4256422018348625,12.83,7.403905261648282
2021-01-15,171.213,7.2062992125984255,4.635354330708662,12.83,7.664024788702352
2021-01-18,167.119,8.25298013245033,5.229304635761589,12.83,9.151283112582782
2021-01-19,216.055,7.15,4.605287769784173,12.83,7.836968844279415
2021-01-24,350.342,7.116822429906542,4.719887850467289,12.83,7.91992449323266
2021-01-26,215.643,6.554117647058824,4.250470588235294,12.83,7.319273296135174
2021-01-27,208.029,6.714697406340058,4.307579250720461,12.83,7.440508846592051
2021-01-28,160.38400000000001,7.247368421052632,4.605037593984963,12.83,8.014339092348095
2021-01-29,151.962,6.756666666666666,4.457375,12.83,7.7268830859366515
2021-01-30,236.77700000000002,6.285347043701799,4.046658097686375,12.83,6.9660024134424035
2021-01-31,249.269,6.771971496437055,4.476104513064133,12.83,7.423530262841628
2021-02-01,181.621,5.905762711864407,3.6647457627118643,12.83,6.370226018404653
2021-02-02,193.791,6.2203278688524595,3.8072131147540986,12.83,6.594301799084082
2021-02-03,223.102,6.055727554179566,4.000185758513932,12.83,6.773772015748501
2021-02-04,197.832,6.592642140468228,4.135785953177257,12.83,6.991041146544822
2021-02-05,194.292,6.973456790123457,4.434074074074075,12.83,7.3621676462738534
2021-02-07,193.778,6.2494623655913975,3.9276702508960573,12.83,6.449205902313842
2021-02-10,499.848,8.318075422626789,4.476775032509753,12.83,7.834356306892068
2021-02-14,195.74,7.370897832817338,4.3094117647058825,12.83,7.497931355212679
2021-02-15,300.13,6.383850931677019,3.956169772256729,12.83,6.829535768901841
2021-02-16,253.696,7.036231884057971,4.584830917874396,12.83,7.748649175863739
2021-02-17,180.052,6.277557755775577,3.9023762376237627,12.83,6.6001180476865695
2021-02-18,227.336,6.429512195121951,4.344609756097561,12.83,7.2928804743011
2021-02-19,184.169,6.296794871794871,4.3099358974358974,12.83,7.188108974358975
2021-02-21,144.855,6.577210884353741,4.660238095238095,12.83,7.6330165180175635
2021-02-22,139.491,6.256766917293233,4.410375939849624,12.83,7.198302800535966
2021-02-23,136.05,7.036395759717315,4.821696113074204,12.83,7.943724915809556
2021-02-24,190.158,5.944904458598726,3.410382165605096,12.83,5.939429822559204
2021-02-25,156.613,6.157666666666667,3.441033333333333,12.83,6.015157170542635
2021-02-26,276.322,6.383660130718954,3.5047058823529413,12.83,6.133235294117648
2021-02-27,218.04,8.1595567867036,5.207617728531856,12.83,8.136000836633647
2021-02-28,305.647,5.611688311688312,3.5560173160173156,12.83,6.066677679635753
2021-03-01,241.709,6.868287037037037,4.569930555555556,12.83,7.480273807771291
2021-03-03,186.008,7.822560975609757,4.793597560975609,12.83,8.363259701960338
2021-03-04,145.281,7.295167286245353,4.89185873605948,12.83,8.069355714973321
2021-03-06,288.817,6.34472049689441,4.01592132505176,12.83,6.907672549737767
2021-03-08,211.746,7.087252124645893,4.146600566572238,12.83,7.256550991501417
2021-03-09,170.907,6.826114649681529,3.873375796178344,12.83,6.770770583919699
2021-03-10,119.599,6.796536796536796,3.73017316017316,12.83,6.52780303030303
2021-03-11,158.357,7.893898305084745,4.5358983050847455,12.83,7.937822033898304
2021-03-12,152.44,8.8,5.364789272030651,12.83,9.153946798731281
2021-03-13,169.055,8.121142857142857,4.861628571428572,12.83,8.377773076923077
2021-03-15,90.812,9.236871508379888,6.004581005586592,12.83,9.995088299976235
2021-03-17,107.653,7.41906779661017,4.782881355932203,12.83,7.988146402422233
2021-03-18,128.058,7.838235294117647,5.109375,12.83,8.155245912721913
2021-03-19,140.893,6.15191637630662,3.883205574912892,12.83,6.459784484572133
2021-03-20,267.979,7.781132075471698,5.12633962264151,12.83,8.180763242347707
2021-03-21,199.712,7.5698701298701305,4.231896103896104,12.83,7.367459100141565
2021-03-22,115.022,8.109166666666667,4.89675,12.83,8.448
2021-03-23,134.706,6.631102362204724,3.911102362204724,12.83,6.826233773143222
2021-03-24,103.505,7.860663507109004,4.867109004739337,12.83,8.477115226262146
2021-03-25,86.632,7.832038834951457,4.765825242718447,12.83,8.291771844660195
