中间数据集/按品类的日粒度时序数据集/花叶类.csv
日期,销量(千克),销售单价(元/千克),批发价格(元/千克),损耗率_品类,成本加成定价
2021-03-27,199.727,8.542643391521196,5.098029925187032,12.83,8.844539336487697
2021-03-28,161.164,9.408868501529051,6.174709480122324,12.83,10.389956575221166
2021-03-29,111.308,8.263043478260869,5.369608695652174,12.83,8.631606962143929
2021-03-30,130.803,8.160617760617761,5.727142857142857,12.83,8.854639907764907
2021-03-31,143.294,8.852263374485597,5.763292181069959,12.83,9.38622427983539
2021-04-01,162.291,8.40764331210191,5.899299363057326,12.83,9.279789312058641
2021-04-02,178.71,8.053698630136987,5.832356164383562,12.83,8.611555512808867
2021-04-03,212.267,8.731850117096018,5.6913817330210765,12.83,9.27012354190925
2021-04-04,192.021,8.03477088948787,4.841563342318059,12.83,8.31170776843545
2021-04-05,178.469,8.139481268011528,4.930461095100864,12.83,8.104474063400577
2021-04-06,55.611,7.908823529411765,5.2188235294117655,12.83,8.273412309368192
2021-04-08,136.899,8.080152671755725,4.864351145038168,12.83,8.359336287965405
2021-04-09,145.026,8.61595744680851,5.567198581560284,12.83,9.283559134267154
2021-04-11,211.619,8.337142857142856,5.295309523809523,12.83,9.10271142191675
2021-04-12,148.371,8.416296296296297,5.446185185185185,12.83,9.119740885722448
2021-04-13,127.207,7.470355731225297,4.936758893280633,12.83,8.215049637005352
2021-04-14,151.83,7.460754716981132,4.854679245283019,12.83,8.004309542751162
2021-04-15,130.081,7.687555555555556,4.803244444444444,12.83,8.35811188630491
2021-04-16,130.808,6.755,4.220291666666666,12.83,7.191092461340205
2021-04-17,194.951,7.0609164420485175,4.442830188679245,12.83,7.774952830188679
2021-04-19,134.781,6.766536964980545,4.384007782101167,12.83,7.479863064950614
2021-04-20,150.715,6.491025641025641,4.358750000000001,12.83,7.096592261088876
2021-04-21,182.939,5.463467492260062,3.5382662538699687,12.83,5.977492669178477
2021-04-22,150.806,5.936678200692041,3.81356401384083,12.83,6.510533884433695
2021-04-23,171.226,5.601780415430267,3.6806528189910983,12.83,6.0695339902128
2021-04-24,264.803,5.923121387283237,3.7529672447013485,12.83,6.355869885526465
2021-04-25,221.785,6.20594315245478,3.9994573643410853,12.83,6.680048685951976
2021-04-26,151.258,5.61725352112676,3.703204225352113,12.83,6.043005209620295
2021-04-27,135.216,5.671489361702127,3.543276595744681,12.83,6.0923654471666016
2021-04-28,125.4,5.708641975308642,3.761604938271605,12.83,6.213159265246339
2021-04-29,134.898,5.62043795620438,3.5237226277372264,12.83,6.11185243154832
2021-04-30,138.585,5.946125461254613,3.886236162361624,12.83,6.446780109304576
2021-05-01,171.826,5.644236760124611,3.687445482866044,12.83,6.1984315660531095
2021-05-02,198.544,6.054761904761905,4.02489417989418,12.83,6.591789552034117
2021-05-03,226.265,5.758490566037736,3.8941509433962267,12.83,6.232241906089634
2021-05-04,200.985,6.09529702970297,4.097549504950495,12.83,6.675282297300526
2021-05-05,203.532,5.754146341463414,3.8474634146341464,12.83,6.371630366949647
2021-05-06,151.84,6.393538461538462,4.372892307692308,12.83,7.162140732076511
2021-05-07,147.508,5.316999999999999,3.402066666666667,12.83,5.871445694603904
2021-05-08,160.786,5.56319018404908,3.636656441717791,12.83,6.078740525963223
2021-05-09,216.668,5.733183856502242,3.5341479820627804,12.83,6.1343538456616375
2021-05-10,157.721,4.476470588235294,3.245232198142415,12.83,4.7618661235796935
2021-05-11,190.06,4.316886543535619,2.910844327176781,12.83,4.75085797161701
2021-05-12,182.519,4.643131868131868,2.908571428571429,12.83,5.027293727375248
2021-05-13,157.293,4.806687898089172,3.1385668789808916,12.83,4.9827023761408284
2021-05-14,191.116,5.026,3.05865,12.83,5.304624418604651
2021-05-15,258.278,5.001761252446184,2.92972602739726,12.83,5.127020547945206
2021-05-16,212.588,5.34722891566265,3.057686746987952,12.83,5.350951807228916
2021-05-17,176.658,4.74958217270195,2.761559888579387,12.83,4.832729805013928
2021-05-18,173.271,4.801769911504425,2.7991445427728614,12.83,4.890254110612855
2021-05-19,140.823,4.746692607003891,2.826264591439689,12.83,4.945963035019455
2021-05-20,148.851,4.84140350877193,2.7788771929824563,12.83,4.839643274853802
2021-05-21,106.472,4.926415094339623,2.782924528301887,12.83,4.861627358490566
2021-05-23,217.25900000000001,5.357263157894736,3.0147789473684212,12.83,5.215594736842105
2021-05-24,148.831,5.680530973451328,3.5300884955752214,12.83,6.06272641411789
2021-05-25,130.325,5.280985915492957,3.3057042253521125,12.83,5.784982394366197
2021-05-26,166.467,5.298885793871866,3.4103064066852364,12.83,5.822632311977715
2021-05-27,145.237,5.059642857142857,3.1872499999999997,12.83,5.449116071428572
2021-05-28,123.824,5.013306451612903,3.2893145161290325,12.83,5.586036329854522
2021-05-29,180.875,5.717751479289941,3.5145857988165683,12.83,6.005420151710638
2021-05-30,196.236,5.39675,3.46785,12.83,5.865185162601627
2021-05-31,191.98,5.685561497326203,3.716577540106952,12.83,6.26447416932764
2021-06-01,151.091,5.415705128205128,3.64323717948718,12.83,5.8634148254228045
2021-06-03,142.37199999999999,5.062541806020067,3.186655518394649,12.83,5.441397791172039
2021-06-04,121.093,5.24236641221374,3.256679389312977,12.83,5.6991889312977095
2021-06-06,222.817,5.190227272727272,3.092590909090909,12.83,5.294420454545454
2021-06-07,148.539,5.864610389610389,3.4025000000000003,12.83,5.921209223847019
2021-06-08,144.482,5.231186440677966,3.166,12.83,5.5061236418948285
2021-06-09,126.359,5.925735294117647,3.5175735294117647,12.83,6.155753676470589
2021-06-10,122.004,6.185767790262172,3.4004868913857678,12.83,5.950852059925094
2021-06-11,129.982,6.411913357400722,3.5966425992779785,12.83,6.254249261568756
2021-06-12,210.267,6.2844789356984485,3.564257206208426,12.83,6.237450110864746
2021-06-13,211.28,5.613181818181818,3.3552954545454545,12.83,5.748543560606061
2021-06-15,127.719,5.285555555555555,3.1692222222222224,12.83,5.546138888888889
2021-06-16,104.991,5.434322033898305,3.1508898305084747,12.83,5.51405720338983
2021-06-17,113.507,5.093023255813954,2.923682170542636,12.83,5.1164437984496125
2021-06-18,150.875,5.643181818181818,3.2190909090909092,12.83,5.63340909090909
2021-06-19,203.369,5.816,3.367577777777778,12.83,5.893261111111111
2021-06-20,202.307,5.506823529411765,3.275505882352941,12.83,5.708931155545222
2021-06-21,150.07,5.476051779935275,3.3423624595469255,12.83,5.80952082188435
2021-06-22,126.151,5.952434456928839,3.171610486891386,12.83,5.549676690901079
2021-06-23,123.214,6.195366795366795,3.7010810810810812,12.83,6.442750965250965
2021-06-24,127.946,5.987248322147651,3.5638255033557047,12.83,6.214992256066082
2021-06-25,146.582,6.171103896103896,3.771883116883117,12.83,6.5965790736357235
2021-06-28,125.782,6.613620071684588,3.9811827956989245,12.83,6.9539871863553
2021-06-29,110.196,6.350409836065574,3.6475409836065573,12.83,6.383196721311475
2021-06-30,125.415,6.44113475177305,3.724148936170213,12.83,6.517260638297873
2021-07-01,148.597,6.68562874251497,3.9464371257485036,12.83,6.906264970059881
2021-07-02,133.586,6.458922558922559,3.802929292929293,12.83,6.627854406130268
2021-07-03,197.925,6.513194444444444,3.7994675925925923,12.83,6.647040931118034
2021-07-04,197.322,6.267874396135266,3.684420289855072,12.83,6.423972069895983
2021-07-06,173.864,6.451688311688312,3.7991428571428574,12.83,6.6485
2021-07-07,149.514,5.984542586750789,3.645205047318612,12.83,6.320403550573864
2021-07-08,143.491,6.266220735785953,3.707658862876254,12.83,6.488403010033445
2021-07-09,114.966,6.591153846153846,3.760423076923077,12.83,6.5807403846153845
2021-07-11,212.957,6.217281105990784,3.679447004608295,12.83,6.405751376868607
2021-07-12,140.305,6.264309764309765,3.8370370370370366,12.83,6.642760942760943
2021-07-13,149.772,6.616993464052287,3.87297385620915,12.83,6.777704248366013
2021-07-14,163.863,5.7002849002849,3.3557549857549853,12.83,5.624021164021164
2021-07-15,141.75,6.324825174825175,3.8513636363636365,12.83,6.501679868862779
2021-07-16,236.055,6.18187250996016,3.3637649402390437,12.83,5.870018399456067
2021-07-17,223.655,6.775308641975309,3.83156378600823,12.83,6.705236625514403
2021-07-18,234.028,6.323469387755102,3.722612244897959,12.83,6.4090305809165296
2021-07-19,174.827,6.428840970350404,3.7113207547169806,12.83,6.434054508541205
2021-07-20,152.362,6.966237942122186,3.9421543408360127,12.83,6.868820001163958
2021-07-21,152.653,6.97645259938838,3.9995718654434254,12.83,6.894922160547565
2021-07-22,154.625,6.857186544342508,3.709694189602447,12.83,6.491964831804281
2021-07-23,150.636,6.740853658536586,3.6991463414634143,12.83,6.473506097560976
2021-07-24,206.923,6.96589861751152,3.944493087557604,12.83,6.902862903225806
2021-07-25,248.502,6.688416988416988,4.056525096525097,12.83,7.0456928190514345
2021-07-26,155.365,6.3164804469273745,3.74731843575419,12.83,6.557007364144235
2021-07-27,189.082,6.147258485639687,3.7234725848563968,12.83,6.428069893552921
2021-07-28,205.803,6.790799031476998,4.132784503631961,12.83,7.016501660084381
2021-07-29,193.613,6.9258145363408525,4.290375939849624,12.83,7.4150778182716754
2021-07-30,214.155,7.146601941747573,4.237451456310679,12.83,7.316448681110795
2021-07-31,255.972,7.17971602434077,4.168864097363083,12.83,7.283904185542668
2021-08-01,251.271,7.025343811394892,4.116444007858546,12.83,7.197138564170329
2021-08-02,283.115,7.032786885245901,4.006593806921676,12.83,7.007915822954518
2021-08-03,264.825,6.546723044397463,3.7313953488372094,12.83,6.529941860465116
2021-08-04,313.269,6.509427609427609,3.7952861952861956,12.83,6.641750841750842
2021-08-05,245.944,6.736203522504892,3.9942661448140897,12.83,6.9782399189658495
2021-08-07,232.089,6.837924151696607,4.060059880239521,12.83,7.105104790419161
2021-08-08,265.775,7.319626168224299,4.299644859813084,12.83,7.522884841707271
2021-08-10,193.189,7.676959619952494,4.3296199524940615,12.83,7.5153280366942425
2021-08-11,225.45,7.128571428571429,4.164769585253456,12.83,7.16161866359447
2021-08-12,275.876,6.957198443579767,4.2377431906614795,12.83,7.30522117242437
2021-08-13,274.08,7.162292051756007,4.402107208872458,12.83,7.566144596154043
2021-08-14,281.13,7.1007326007326,4.318827838827839,12.83,7.557948717948719
2021-08-15,297.499,7.360350877192982,4.40340350877193,12.83,7.705956140350876
2021-08-16,190.573,7.727979274611399,4.6387564766839375,12.83,7.97879263011368
2021-08-17,183.216,7.970351758793969,4.810678391959799,12.83,8.378406674983308
2021-08-18,185.59,7.709895833333333,4.714401041666666,12.83,8.112366651720281
2021-08-20,195.116,7.906951871657753,4.75072192513369,12.83,8.291799609337476
2021-08-21,241.956,7.922244488977956,4.78687374749499,12.83,8.279920475342278
2021-08-22,281.156,7.643694493783303,4.581065719360568,12.83,7.9796158638424215
2021-08-23,178.374,7.797159090909091,4.550284090909091,12.83,7.947892992424243
2021-08-24,168.012,8.041791044776119,4.777731343283582,12.83,8.32912803345419
2021-08-25,145.216,8.763975155279503,5.27667701863354,12.83,9.19575419910769
2021-08-26,255.505,8.1072,4.99048,12.83,8.689034985569986
2021-08-27,259.053,8.1504,4.9589,12.83,8.638724503311257
2021-08-28,244.915,7.7106382978723405,4.773085106382979,12.83,8.3286562150056
2021-08-29,229.082,8.168684759916493,5.220563674321503,12.83,8.978536163421191
2021-08-30,178.587,8.182446808510639,5.279122340425532,12.83,9.045524590397086
2021-08-31,165.821,8.054335260115607,5.21635838150289,12.83,8.974603621558368
2021-09-01,177.642,7.894429708222811,5.263846153846154,12.83,8.469227509778356
2021-09-03,149.219,8.59871794871795,5.490961538461539,12.83,9.0143595690479
2021-09-04,221.353,8.469281045751634,5.547668845315904,12.83,8.93574332139684
2021-09-05,238.552,8.27527352297593,5.334442013129103,12.83,8.534259607873581
2021-09-06,191.936,9.040223463687152,5.582513966480446,12.83,9.739088642953115
2021-09-07,163.316,8.881848184818482,5.5954455445544555,12.83,9.744279358315579
2021-09-08,161.268,8.777777777777779,5.440555555555555,12.83,9.445058016877638
2021-09-09,120.989,8.846031746031745,5.549246031746032,12.83,9.53183507250637
2021-09-10,133.882,8.72619926199262,5.341439114391144,12.83,9.158581009044442
2021-09-11,257.43,8.511016949152541,5.446186440677966,12.83,9.319650423728813
2021-09-12,275.532,8.40486956521739,5.684713043478261,12.83,9.458625679900893
2021-09-13,152.695,7.753846153846154,4.763811188811189,12.83,8.206861888111888
2021-09-14,163.291,8.470550161812298,5.236375404530744,12.83,9.078558882103998
2021-09-15,150.327,8.17363344051447,5.0854983922829575,12.83,8.797691374937141
2021-09-16,97.458,8.511290322580646,5.2286693548387095,12.83,9.089472063871726
2021-09-17,128.348,8.745138888888889,5.301458333333333,12.83,9.24323559831124
2021-09-18,134.22,8.23918918918919,4.949527027027027,12.83,8.661672297297297
2021-09-19,216.23,8.804192872117401,5.19224318658281,12.83,9.086425576519916
2021-09-20,224.186,8.651162790697674,5.212896405919661,12.83,9.116884608357475
2021-09-21,239.505,8.364161849710984,5.000886319845858,12.83,8.75155105973025
2021-09-22,137.039,8.629721362229102,5.096470588235293,12.83,8.906798109825647
2021-09-23,107.29,8.31864406779661,4.954279661016949,12.83,8.55509336397587
2021-09-24,104.375,8.167479674796748,4.923536585365854,12.83,8.616189024390243
2021-09-25,185.574,8.276728110599079,4.910276497695852,12.83,8.592983870967743
2021-09-27,96.875,7.758590308370044,4.706696035242291,12.83,8.236718061674008
2021-09-28,104.01,7.667510548523207,4.540464135021097,12.83,7.714223298139182
2021-09-29,113.135,8.03153846153846,4.565269230769231,12.83,7.959590872156014
2021-09-30,106.123,7.8348178137651825,4.442874493927126,12.83,7.755339421900009
2021-10-01,205.461,7.906437768240344,4.68206008583691,12.83,8.089421234996296
2021-10-02,168.625,7.516042780748663,4.604465240641711,12.83,7.770398334000483
2021-10-03,174.094,7.6875,4.375859375,12.83,7.6074240917857425
2021-10-04,170.882,7.688709677419355,4.781290322580645,12.83,8.074263592501538
2021-10-06,264.068,7.855210237659964,4.6961425959780625,12.83,8.143216290168375
2021-10-08,138.096,7.340972222222222,4.373368055555556,12.83,7.458602430555555
2021-10-09,132.744,8.324324324324325,4.744898648648649,12.83,8.303572635135135
2021-10-10,262.562,8.3932384341637,4.975338078291815,12.83,8.545898576512455
2021-10-11,88.447,7.817040358744395,4.971300448430493,12.83,7.950416971111986
2021-10-12,99.674,8.096265560165975,4.881327800829876,12.83,7.918937716337369
2021-10-13,88.237,7.457798165137614,4.616788990825688,12.83,7.57292570122029
2021-10-14,77.809,8.884848484848485,5.6842424242424245,12.83,9.504669885060894
2021-10-15,146.297,8.823417721518986,5.456645569620253,12.83,9.043593168279969
2021-10-16,273.582,8.90709219858156,5.572446808510638,12.83,9.581520746718839
2021-10-17,163.589,9.601612903225806,5.894112903225807,12.83,10.03707790261013
2021-10-18,84.784,9.813725490196079,6.142156862745098,12.83,10.699418354103717
2021-10-20,109.339,10.575384615384616,6.397384615384616,12.83,11.153859653925396
2021-10-21,79.858,10.547872340425531,6.26063829787234,12.83,10.951938993010216
2021-10-22,75.936,10.022346368715084,5.934692737430168,12.83,10.385712290502793
2021-10-23,99.498,10.80967741935484,6.239596774193549,12.83,10.91929435483871
2021-10-24,101.014,10.192499999999999,6.042708333333334,12.83,10.452840073529412
2021-10-25,48.556,9.878991596638654,6.307394957983194,12.83,10.93257785467128
2021-10-26,66.948,10.33452380952381,6.6589285714285715,12.83,11.586889638054174
2021-10-29,89.73,9.777777777777779,6.371212121212121,12.83,10.624061417291736
2021-10-30,140.981,8.677818181818182,5.871709090909091,12.83,9.406060177043235
2021-10-31,92.342,9.135294117647058,6.326638655462185,12.83,9.799649770604871
2021-11-01,60.969,9.275949367088607,6.3275316455696204,12.83,9.750901898734178
2021-11-02,68.055,7.959756097560976,5.029085365853659,12.83,8.465832402137433
2021-11-03,50.572,7.825396825396825,5.061190476190476,12.83,8.328162058717155
2021-11-04,64.051,7.91156462585034,4.927414965986394,12.83,8.61775735595443
2021-11-05,83.345,7.23939393939394,4.631818181818182,12.83,8.023214913526159
2021-11-06,108.548,8.57088122605364,5.197547892720307,12.83,9.095708812260536
2021-11-07,145.887,9.11049723756906,5.359917127071823,12.83,9.379854972375691
2021-11-08,66.376,8.042944785276074,4.593128834355829,12.83,8.0379754601227
2021-11-09,44.431,8.469026548672566,4.574778761061947,12.83,7.976725663716814
2021-11-10,49.063,7.8984375,4.338984375,12.83,7.49583984375
2021-11-11,48.787,8.745901639344263,4.689344262295082,12.83,8.172295081967214
2021-11-12,51.422,7.9765625,4.3984375,12.83,7.697265625
2021-11-13,70.452,8.359756097560975,4.909817073170732,12.83,8.571424718574109
2021-11-14,99.456,9.056451612903226,5.535927419354839,12.83,9.56214442246043
2021-11-15,42.62,8.558823529411764,5.0667647058823535,12.83,8.61216335540839
2021-11-16,53.515,8.502962962962963,5.240814814814815,12.83,8.909703703703704
2021-11-17,45.689,8.685950413223141,5.1805785123966945,12.83,8.90845156461889
2021-11-18,41.864,8.586792452830188,5.104811320754717,12.83,8.933419811320755
2021-11-19,38.008,8.588235294117647,5.000588235294118,12.83,8.751029411764705
2021-11-20,95.311,8.08898678414097,4.897753303964757,12.83,8.541580123871418
2021-11-21,80.775,8.206829268292683,5.031658536585366,12.83,8.73805767644633
2021-11-22,42.247,9.241666666666667,5.2924999999999995,12.83,9.208545586917563
2021-11-23,55.622,7.813846153846153,4.534923076923077,12.83,7.925712454212455
2021-11-24,39.991,7.43010752688172,4.354516129032258,12.83,7.39809463661096
2021-11-25,44.906,7.444660194174757,4.406699029126213,12.83,7.3630262374173565
2021-11-26,51.836,8.003149606299212,4.860551181102362,12.83,8.194201397275494
2021-11-27,68.057,6.936416184971098,4.335202312138728,12.83,7.313769557243708
2021-11-29,57.865,6.16546762589928,3.801438848920863,12.83,6.483598393744503
2021-11-30,43.009,7.154310344827586,4.2700862068965515,12.83,7.319217980295566
2021-12-02,58.359,5.449230769230769,3.5446153846153847,12.83,5.8154509309614815
2021-12-03,73.847,5.542138364779874,3.723584905660377,12.83,5.924168124572774
