中间数据集/按品类的日粒度时序数据集/花叶类.csv
日期,销量(千克),销售单价(元/千克),批发价格(元/千克),损耗率_品类,成本加成定价
2021-12-04,93.905,6.125454545454545,4.102045454545455,12.83,6.531082764724641
2021-12-05,115.184,6.092193308550185,4.0052416356877325,12.83,6.376850696636487
2021-12-06,64.231,6.6961538461538455,4.015641025641025,12.83,6.706650928624383
2021-12-07,63.263,6.322784810126582,4.01873417721519,12.83,6.686213264635463
2021-12-08,70.377,5.7671052631578945,3.8555921052631574,12.83,6.240894283561006
2021-12-09,57.675,5.795683453237411,3.8615107913669067,12.83,6.305817378249733
2021-12-11,141.287,6.057738095238095,3.876904761904762,12.83,6.630565476190476
2021-12-12,116.349,6.177777777777777,3.9292831541218636,12.83,6.68497567844342
2021-12-13,61.915,5.568707482993197,3.4857142857142858,12.83,5.861602843384545
2021-12-14,66.116,5.887248322147651,3.4244295302013423,12.83,5.764595271352161
2021-12-15,101.666,5.37872340425532,3.3071276595744683,12.83,5.273810080234878
2021-12-17,97.582,5.111731843575419,3.0697765363128493,12.83,5.21952606962863
2021-12-18,109.389,5.197991967871486,3.168473895582329,12.83,5.305608590471964
2021-12-19,147.891,4.943728813559322,3.042508474576271,12.83,4.930882962089974
2021-12-21,71.006,4.326797385620915,2.655424836601307,12.83,4.469590717655135
2021-12-22,75.729,4.828205128205129,2.9191666666666665,12.83,4.895153608493396
2021-12-23,91.213,4.8743169398907105,2.834426229508197,12.83,4.896613939256842
2021-12-24,120.944,4.3225,2.40405,12.83,4.007914663973181
2021-12-25,180.787,4.785459940652819,2.757032640949555,12.83,4.578887240356083
2021-12-26,209.308,4.792417061611375,2.8790995260663506,12.83,4.773717928487222
2021-12-27,82.705,4.544827586206897,2.4631724137931035,12.83,4.143445078716303
2021-12-28,86.043,4.532894736842105,2.527039473684211,12.83,4.203371109729208
2021-12-29,68.165,4.82111801242236,2.8199378881987576,12.83,4.760214964837772
2021-12-30,84.271,4.394155844155844,2.6783766233766233,12.83,4.28894091399172
2021-12-31,125.701,4.822413793103448,2.8828448275862066,12.83,4.878302338167214
2022-01-01,138.402,5.034117647058824,2.938078431372549,12.83,5.090435084133227
2022-01-02,110.056,4.803365384615384,2.744471153846154,12.83,4.7481289473476975
2022-01-03,90.081,4.99685534591195,2.9161635220125786,12.83,5.102198859396653
2022-01-04,70.388,4.6944,2.5793600000000003,12.83,4.491324519774012
2022-01-05,65.654,4.7025,2.6103333333333336,12.83,4.555873597805617
2022-01-06,60.316,4.305825242718447,2.347961165048544,12.83,4.108512423893369
2022-01-07,90.664,4.375,2.7649999999999997,12.83,4.382639247530164
2022-01-08,130.766,4.409442060085837,2.574549356223176,12.83,4.309310512081839
2022-01-09,147.528,4.284883720930233,2.4934496124031007,12.83,4.3407553396216185
2022-01-10,76.365,4.160583941605839,2.27014598540146,12.83,3.9617564763131523
2022-01-11,86.15,4.412025316455696,2.428354430379747,12.83,4.242203960800326
2022-01-12,85.232,4.504081632653062,2.5019727891156465,12.83,4.360480953955657
2022-01-13,73.369,4.020535714285715,2.238035714285714,12.83,3.8505179315412685
2022-01-14,103.099,4.189071038251366,2.3852459016393444,12.83,4.161979553456958
2022-01-15,124.109,4.458035714285715,2.4333482142857146,12.83,4.2542578125
2022-01-16,137.15,4.543478260869565,2.483952569169961,12.83,4.27359366800114
2022-01-17,90.383,4.743712574850299,2.580119760479042,12.83,4.515209580838323
2022-01-18,85.852,4.2542857142857144,2.278,12.83,3.9673633168693008
2022-01-19,129.677,4.628502415458938,2.458019323671498,12.83,4.251869296833065
2022-01-20,134.88,4.926582278481012,2.715443037974684,12.83,4.665000777771296
2022-01-21,146.062,4.781923076923077,2.526576923076923,12.83,4.420859432234432
2022-01-22,210.297,5.746153846153846,3.268125,12.83,5.483130457378302
2022-01-23,186.693,6.450467289719626,3.61791277258567,12.83,6.2985005600476045
2022-01-24,187.463,5.385616438356164,3.2795890410958903,12.83,5.5496319223139485
2022-01-25,153.198,6.468359375,3.9022265625,12.83,6.53450138249374
2022-01-26,172.651,6.959550561797753,3.963183520599251,12.83,6.624001633412544
2022-01-27,169.503,6.225099601593626,3.512549800796813,12.83,5.860253125101177
2022-01-28,188.131,6.8065454545454545,3.9864,12.83,6.83114254737923
2022-01-29,207.671,7.498502994011976,4.365179640718563,12.83,7.639064371257485
2022-01-30,229.022,8.375187969924811,4.483558897243108,12.83,7.829610439141332
2022-02-01,63.003,9.807692307692308,5.296846153846154,12.83,9.26948076923077
2022-02-03,116.536,6.491752577319588,4.016855670103093,12.83,6.972842868007437
2022-02-04,216.497,6.859654178674352,3.9238616714697403,12.83,6.7910241184631115
2022-02-06,219.985,7.163037974683545,4.265873417721519,12.83,7.037496449431343
2022-02-07,160.054,6.429249011857707,3.5052569169960477,12.83,6.129817408489432
2022-02-08,162.297,6.954092526690391,4.035266903914591,12.83,7.059716031736772
2022-02-09,138.288,5.994893617021276,3.3497872340425534,12.83,5.862127659574469
2022-02-10,116.133,5.892777777777778,3.3577777777777778,12.83,5.772153141535854
2022-02-11,132.508,5.946948356807512,3.5362910798122065,12.83,6.086290095505709
2022-02-12,154.467,6.570229007633588,3.8160687022900763,12.83,6.537577156483643
2022-02-13,165.85,6.2690909090909095,3.786109090909091,12.83,6.451885943378215
2022-02-14,150.014,4.727649769585254,2.6691705069124425,12.83,4.448201441159445
2022-02-15,154.453,6.103053435114504,3.4878244274809163,12.83,6.095133221281455
2022-02-16,99.015,3.9829629629629633,2.199333333333333,12.83,3.7021471586089905
2022-02-18,98.783,5.1650306748466255,2.865398773006135,12.83,4.971146383221573
2022-02-19,120.64,6.945291479820628,3.857892376681614,12.83,6.3799340079824685
2022-02-20,105.918,6.936868686868687,3.978939393939394,12.83,6.603548964983334
2022-02-21,85.387,6.580451127819549,3.60609022556391,12.83,6.09938351723562
2022-02-22,78.356,6.648484848484848,3.8499242424242426,12.83,6.436394330950936
2022-02-23,65.21,7.120353982300885,3.9092035398230087,12.83,6.833453930244664
2022-02-24,75.146,5.8448,3.6268000000000002,12.83,6.265663467702769
2022-02-25,96.432,7.333142857142857,4.4953142857142865,12.83,7.515063363334056
2022-02-26,118.507,8.353556485355648,4.846903765690376,12.83,8.353664034221309
2022-02-27,94.607,6.818974358974359,3.952205128205128,12.83,6.399953328180721
2022-02-28,77.285,6.892814371257485,3.9078443113772456,12.83,6.762238130312287
2022-03-01,75.286,7.551677852348994,4.964161073825503,12.83,7.818885838056535
2022-03-02,70.109,7.873134328358209,5.053880597014926,12.83,8.30322313938013
2022-03-03,62.041,7.1618320610687025,4.388625954198473,12.83,7.112356542076073
2022-03-04,78.622,7.535000000000001,4.853214285714286,12.83,7.625862463837994
2022-03-05,125.495,7.151271186440678,4.68572033898305,12.83,7.583522186832915
2022-03-06,141.174,7.583450704225352,4.576021126760563,12.83,7.961671315773429
2022-03-07,76.68599999999999,7.1187919463087255,4.409731543624161,12.83,7.546831501831502
2022-03-08,82.174,7.174691358024691,3.923271604938271,12.83,6.719629301399059
2022-03-09,66.059,6.37984496124031,4.021627906976744,12.83,6.758782361167373
2022-03-10,73.508,6.153900709219858,3.7856028368794323,12.83,6.467208097084372
2022-03-11,88.822,8.223863636363637,5.066931818181818,12.83,8.745133974690082
2022-03-12,129.766,7.589878542510122,4.757408906882591,12.83,8.234147548358075
2022-03-13,101.51,6.492857142857143,3.9084065934065935,12.83,6.774033161625588
2022-03-14,98.279,6.588095238095238,4.157500000000001,12.83,7.112521602776024
2022-03-17,108.394,5.645698924731183,3.453440860215054,12.83,5.9107943610340845
2022-03-18,112.098,5.602427184466019,3.3488349514563107,12.83,5.595012901353527
2022-03-22,133.244,8.888059701492537,6.173917910447762,12.83,9.173055637786545
2022-03-23,88.81099999999999,7.844,4.864857142857143,12.83,8.141979445727483
2022-03-24,106.202,8.918134715025907,8.080414507772021,12.83,10.508158028993893
2022-03-25,132.493,8.250909090909092,5.5885,12.83,8.523912651148722
2022-03-27,140.651,9.28762886597938,6.328006872852233,12.83,9.547341190888325
2022-03-28,85.85,8.051449275362318,5.7871014492753625,12.83,8.033478081030422
2022-03-29,75.286,8.504294478527608,6.07116564417178,12.83,8.783589426568174
2022-03-30,86.195,7.299444444444445,4.371166666666666,12.83,6.914443825287348
2022-04-01,130.262,7.263636363636364,4.3130303030303025,12.83,6.984287789186655
2022-04-02,133.168,7.611440677966102,4.494618644067796,12.83,7.717903330298361
2022-04-03,111.538,8.239423076923076,4.731346153846154,12.83,8.049775213731149
2022-04-04,148.726,8.07370242214533,4.827474048442907,12.83,8.121788754966294
2022-04-05,146.419,7.452788104089219,4.4017843866171,12.83,6.92620886236285
2022-04-07,85.201,7.828395061728395,4.6265432098765435,12.83,7.943321881482754
2022-04-08,87.65,6.709868421052631,3.684473684210526,12.83,6.37449109137233
2022-04-09,141.102,7.373517786561265,3.947826086956522,12.83,6.890392527102841
2022-04-10,184.591,6.663666666666667,3.7092666666666667,12.83,6.469254814370889
2022-04-11,93.428,6.942603550295858,3.53508875739645,12.83,6.15794151115157
2022-04-12,106.268,7.331067961165049,4.157038834951456,12.83,7.2748179611650485
2022-04-14,128.586,6.270370370370371,4.084953703703704,12.83,6.428469883569196
2022-04-15,131.828,6.454237288135594,4.020338983050848,12.83,6.797920618793997
2022-04-16,124.808,6.022222222222222,3.6827111111111113,12.83,6.14053235693981
2022-04-19,101.391,6.752760736196319,3.8873006134969326,12.83,6.745640376460426
2022-04-20,105.275,6.305294117647059,3.8171176470588235,12.83,6.404603946502044
2022-04-21,112.794,5.5125714285714285,3.2347428571428574,12.83,5.547785741893905
2022-04-22,114.043,6.265876777251185,3.7061137440758296,12.83,6.428604614928865
2022-04-23,118.653,7.934901960784314,4.830823529411765,12.83,8.431714076675446
2022-04-25,116.365,5.510138248847927,3.216451612903226,12.83,5.608081204347674
2022-04-26,91.764,5.94764705882353,3.474764705882353,12.83,5.911899758285476
2022-04-27,88.807,5.812021857923496,3.5669398907103824,12.83,6.010524543113468
2022-04-28,111.594,5.409589041095891,3.522374429223744,12.83,5.588833486932732
2022-04-30,141.039,6.14537037037037,3.6968827160493825,12.83,6.46393986541186
2022-05-01,147.275,6.463028169014085,3.6842605633802816,12.83,6.435176056338028
2022-05-02,115.468,6.762406015037594,3.839135338345865,12.83,6.718486842105263
2022-05-03,88.193,6.935384615384616,4.011897435897436,12.83,7.020820512820513
2022-05-04,105.769,6.921311475409836,4.154918032786885,12.83,7.1878035210646924
2022-05-05,90.652,6.367708333333333,3.8046354166666667,12.83,6.658111979166667
2022-05-06,95.683,6.6258706467661685,3.8492537313432837,12.83,6.699001785942085
2022-05-07,113.896,6.550833333333333,3.8869166666666666,12.83,6.754746371722846
2022-05-08,116.519,6.445059288537549,3.7906324110671936,12.83,6.571422695100653
2022-05-09,91.68,7.080582524271844,3.922087378640777,12.83,6.863652912621359
2022-05-10,95.42,6.422413793103448,3.848103448275862,12.83,6.463877455198444
2022-05-11,86.213,6.507446808510639,3.8390425531914896,12.83,6.67563829787234
2022-05-12,79.619,6.95,4.123944444444445,12.83,7.2169027777777774
2022-05-13,102.98,6.931645569620253,4.060928270042194,12.83,7.10662447257384
2022-05-14,159.404,7.340509915014164,4.388186968838527,12.83,7.590537895323457
2022-05-15,156.705,6.462756598240469,3.7617302052785924,12.83,6.472864228949735
2022-05-17,67.12,6.578064516129032,4.065612903225806,12.83,7.025093548387097
2022-05-21,154.655,6.920597014925374,4.27465671641791,12.83,7.480649253731343
2022-05-23,92.654,6.826341463414635,4.077951219512196,12.83,7.045304457527334
2022-05-24,122.403,6.274169741697417,3.7696309963099632,12.83,6.5279332612291645
2022-05-25,84.787,6.3,3.7377777777777776,12.83,6.437346743295019
2022-05-26,88.361,6.402439024390244,3.8305365853658535,12.83,6.6429632250726645
2022-05-28,188.829,5.47410071942446,3.3264988009592327,12.83,5.683417059455883
2022-05-29,178.516,5.299742268041237,3.1711855670103093,12.83,5.501227542718739
2022-05-30,92.512,5.220975609756097,3.119756097560976,12.83,5.230560875683867
2022-05-31,87.827,4.939195979899497,2.9667839195979897,12.83,5.119047510278667
2022-06-01,90.488,4.8091346153846155,3.2135576923076923,12.83,5.152862866300366
2022-06-02,112.624,4.533061224489796,2.6851020408163264,12.83,4.698928571428572
2022-06-04,113.331,4.463829787234043,2.55331914893617,12.83,4.424836879432624
2022-06-06,104.547,4.878008298755186,2.781784232365145,12.83,4.868122406639004
2022-06-07,105.767,4.725523012552301,2.792719665271967,12.83,4.802741265011139
2022-06-08,113.862,5.008230452674897,2.8704938271604936,12.83,4.998587470449173
2022-06-09,281.247,4.142391304347826,2.332463768115942,12.83,4.0818115942028985
2022-06-10,115.093,4.132806324110671,2.3036363636363637,12.83,4.031363636363636
2022-06-11,195.647,4.376995305164319,2.4535211267605637,12.83,4.293661971830986
2022-06-12,166.51500000000001,4.531070496083551,2.589503916449086,12.83,4.531631853785901
2022-06-13,116.051,5.011155378486055,2.8585258964143425,12.83,4.998994995627247
2022-06-14,110.671,4.757894736842106,2.805303643724696,12.83,4.812227600774511
2022-06-15,105.84,4.364502164502165,2.4865367965367966,12.83,4.331417748917749
2022-06-16,109.346,4.64,2.7114000000000003,12.83,4.729624468085107
2022-06-17,118.682,4.505138339920949,2.660197628458498,12.83,4.62487812911726
2022-06-18,191.228,4.400466200466201,2.5775990675990674,12.83,4.484483611626469
2022-06-19,187.623,4.440694789081886,2.5673945409429284,12.83,4.492940446650124
2022-06-20,123.54,4.591760299625468,2.683632958801498,12.83,4.696357677902622
2022-06-21,110.973,4.76283185840708,2.8823893805309737,12.83,5.044181415929203
2022-06-22,108.759,4.677405857740586,2.7903347280334727,12.83,4.883085774058577
2022-06-23,84.617,4.764497041420118,2.8998224852071006,12.83,5.074689349112426
2022-06-25,155.786,5.420359281437126,3.081317365269461,12.83,5.391799258625606
2022-06-26,163.919,4.933524355300859,2.876590257879656,12.83,5.034032951289398
2022-06-27,105.20700000000001,5.324255319148937,3.110255319148936,12.83,5.431347123719465
2022-06-28,133.899,4.8119863013698625,2.9747260273972604,12.83,5.066221461187214
2022-06-29,156.09,5.067584097859327,3.0752599388379207,12.83,5.291281120959243
2022-06-30,127.274,5.186296296296296,3.2383333333333333,12.83,5.337720515737581
2022-07-01,149.719,5.324827586206896,3.040896551724138,12.83,5.313267241379311
2022-07-02,195.295,5.5962686567164175,3.147686567164179,12.83,5.508451492537313
2022-07-03,188.672,5.683937823834197,3.1772020725388597,12.83,5.560103626943005
2022-07-04,116.605,6.013432835820895,3.3836940298507465,12.83,5.888869115958668
2022-07-05,133.21,5.210774410774411,3.0105387205387206,12.83,5.268442760942761
2022-07-06,164.461,5.417125382262997,3.036880733944954,12.83,5.31454128440367
2022-07-07,134.044,5.580419580419581,3.1303146853146853,12.83,5.478050699300699
2022-07-08,129.05,5.948339483394834,3.4295571955719555,12.83,6.001725092250922
2022-07-09,173.971,6.023529411764706,3.549565217391305,12.83,6.211739130434783
2022-07-11,133.262,5.395053003533569,3.1994346289752653,12.83,5.563074467340727
2022-07-12,129.271,5.27773851590106,3.1336749116607776,12.83,5.3805742049469965
2022-07-14,131.965,6.28956228956229,3.522390572390573,12.83,6.164183501683502
2022-07-15,118.425,5.9941176470588236,3.4202941176470585,12.83,5.985514705882353
2022-07-16,175.925,6.8019950124688275,4.110199501246883,12.83,6.897082067041962
2022-07-17,190.249,6.119493670886076,3.766835443037975,12.83,6.257200801491814
2022-07-18,132.053,6.109333333333333,3.6693333333333333,12.83,6.298669394281415
2022-07-19,134.06,6.304895104895105,3.879965034965035,12.83,6.375972648314962
2022-07-21,140.656,5.94314381270903,3.6126086956521744,12.83,6.131695549352951
2022-07-22,119.449,6.319999999999999,3.7871698113207546,12.83,6.511805949032794
2022-07-23,163.238,6.3972299168975075,3.951828254847645,12.83,6.760574792243768
2022-07-24,187.595,6.275268817204301,3.9988978494623653,12.83,6.818265961857379
2022-07-25,128.305,6.164705882352941,3.9908823529411763,12.83,6.595056153058239
2022-07-26,161.551,6.557585139318885,4.15687306501548,12.83,7.0972531520840185
2022-07-27,131.633,6.389547038327526,4.000034843205575,12.83,6.877761324041812
2022-07-28,170.771,6.270684931506849,3.9944109589041097,12.83,6.8917263384859995
2022-07-30,343.157,3.9098484848484847,2.174141414141414,12.83,3.6581021785811303
2022-07-31,320.998,4.231428571428571,2.4573246753246756,12.83,4.004022347857476
2022-08-02,270.798,4.142903225806451,2.438870967741935,12.83,3.9108175737608235
2022-08-03,337.105,3.89013698630137,2.2697808219178084,12.83,3.700205561317401
2022-08-04,354.404,3.7165333333333335,2.33264,12.83,3.6439453075072015
2022-08-05,329.423,3.948076923076923,2.40771978021978,12.83,3.8019274132044694
2022-08-06,355.128,4.101827676240209,2.4136031331592687,12.83,3.999627119298297
2022-08-07,316.069,4.4021917808219175,2.5443013698630135,12.83,4.273989048044507
2022-08-08,302.077,3.65224358974359,1.982275641025641,12.83,3.307448875397866
2022-08-09,322.432,3.8934472934472932,2.1506267806267805,12.83,3.6116756177500635
2022-08-11,313.919,3.6162079510703364,1.7678287461773698,12.83,2.9592324012993676
2022-08-12,326.821,4.241803278688525,2.195655737704918,12.83,3.7667237250543932
2022-08-13,478.995,3.8262745098039215,2.095686274509804,12.83,3.526525939528885
2022-08-14,394.715,4.059653465346535,2.2339851485148516,12.83,3.7780873488064235
2022-08-15,347.367,4.050415512465374,2.3554293628808867,12.83,3.9071178518888474
2022-08-16,368.861,3.9082089552238806,2.3482338308457713,12.83,3.868672696745852
2022-08-19,399.426,5.193737769080235,2.9900978473581215,12.83,5.066152819782958
2022-08-20,429.043,4.351893095768374,2.4620935412026728,12.83,4.266867645037425
2022-08-21,432.675,4.312253829321663,2.4967177242888403,12.83,4.1287429738241
2022-08-22,303.2,3.6574534161490684,2.14055900621118,12.83,3.3466234253288896
2022-08-23,258.56,4.051578947368421,2.474280701754386,12.83,3.9985580029679415
2022-08-24,233.767,4.0890977443609025,2.6767293233082707,12.83,4.285269626287876
2022-08-25,243.786,5.482080924855492,3.1823988439306357,12.83,5.49792311769124
