中间数据集/按品类的日粒度时序数据集/花叶类.csv
日期,销量(千克),销售单价(元/千克),批发价格(元/千克),损耗率_品类,成本加成定价
2023-05-20,177.822,5.042222222222223,3.3555925925925925,12.83,5.514348626107049
2023-05-21,197.446,6.117834394904459,3.6236624203821655,12.83,6.115493904881032
2023-05-22,154.18,5.376190476190477,3.156623376623377,12.83,5.1648449734520385
2023-05-23,150.721,4.9910052910052904,2.945767195767196,12.83,4.71095750925192
2023-05-24,135.51,5.202999999999999,3.2369499999999998,12.83,5.547341249824629
2023-05-25,114.768,5.605291005291006,3.5570370370370368,12.83,6.020246602373932
2023-05-26,154.12,5.45546875,3.4582421875000002,12.83,5.735006221072266
2023-05-27,272.537,5.213235294117647,3.4418382352941177,12.83,5.642522982215995
2023-05-28,262.277,5.431701030927835,3.587577319587629,12.83,5.859684564652122
2023-05-29,146.434,5.299563318777293,3.557117903930131,12.83,5.679359122694483
2023-05-30,156.287,5.226938775510204,3.476857142857143,12.83,5.6052154459905985
2023-05-31,136.132,5.5825,3.65005,12.83,5.917616345468591
2023-06-02,161.142,5.6377593360995855,3.6094190871369296,12.83,5.790894484337142
2023-06-03,222.081,5.845994065281899,3.6153412462908014,12.83,6.089158993660076
2023-06-04,215.285,5.684423676012461,3.7354517133956384,12.83,6.266296754703828
2023-06-05,145.142,5.88641975308642,3.878477366255144,12.83,6.504733310628585
2023-06-08,119.287,5.5720670391061455,3.7921229050279326,12.83,6.261829695230205
2023-06-09,140.024,5.605990783410138,3.815714285714286,12.83,6.266523385223521
2023-06-11,213.908,5.864999999999999,4.025470588235295,12.83,6.698812732537024
2023-06-12,127.399,5.542857142857143,3.8260989010989013,12.83,6.239262653967054
2023-06-13,140.865,6.04264705882353,4.059019607843137,12.83,6.740928478688441
2023-06-14,115.605,5.993678160919541,3.7481609195402297,12.83,6.147439179686303
2023-06-15,118.42,5.302840909090909,3.430795454545455,12.83,5.704403638952055
2023-06-16,172.11,5.102857142857142,3.4007619047619047,12.83,5.671773533518233
2023-06-17,244.334,5.569975186104218,3.341240694789082,12.83,5.737173594358626
2023-06-18,253.447,5.222727272727273,3.2252673796791442,12.83,5.497033664810625
2023-06-19,128.701,5.023786407766991,3.1816019417475725,12.83,5.281445815850563
2023-06-21,126.263,4.607211538461538,3.0084615384615385,12.83,5.003782952437204
2023-06-22,171.919,5.047841726618705,2.9158273381294966,12.83,5.042778776978417
2023-06-23,178.718,4.925,3.104076923076923,12.83,5.19494521413718
2023-06-24,161.495,5.328174603174603,3.4532539682539682,12.83,5.718048039147983
2023-06-25,108.895,5.158620689655173,3.4539655172413792,12.83,5.553577656688825
2023-06-26,80.524,5.723214285714286,3.605833333333333,12.83,5.982030779855178
2023-06-28,130.182,4.930927835051547,3.345,12.83,5.121270740140025
2023-06-29,135.09,4.8785,3.2006,12.83,5.129191517857143
2023-06-30,130.464,4.962371134020618,2.980154639175258,12.83,5.115621509069232
2020-07-03,190.779,7.432758620689655,4.4747044334975365,12.830000000000002,7.722038441074754
2020-07-06,195.74,7.952983293556087,5.077112171837709,12.830000000000002,8.177141619832165
2020-07-07,172.052,7.899738219895288,4.950157068062827,12.830000000000002,8.55430761155982
2020-08-27,199.007,8.057635467980296,4.794039408866995,12.830000000000002,8.25372462391482
2020-09-15,156.048,6.903603603603604,4.034744744744745,12.830000000000002,7.060803303303303
2020-09-20,317.998,7.126291079812206,3.799389671361502,12.830000000000002,6.648931924882628
2020-09-23,179.262,7.583473389355743,4.143529411764706,12.830000000000002,7.188151260504202
2020-10-23,211.914,6.838935574229692,4.255210084033613,12.830000000000002,7.254869895326552
2020-11-25,237.713,4.297637795275591,2.5741207349081363,12.830000000000002,4.442457349081365
2020-12-16,152.029,4.644594594594595,3.3781081081081084,12.830000000000002,4.987745488620102
2021-01-21,219.93,6.7090625,4.35053125,12.830000000000002,7.1813589156813435
2021-01-22,218.136,7.938260869565217,5.313304347826087,12.830000000000002,8.49047849804946
2021-02-06,212.817,6.517469879518073,4.0258734939759035,12.830000000000002,6.674097175643151
2021-02-08,234.405,6.373255813953489,3.755348837209302,12.830000000000002,6.346774519716886
2021-02-09,282.558,7.178997613365155,4.094797136038186,12.830000000000002,7.112231503579952
2021-02-13,243.485,8.489005235602095,4.422041884816754,12.830000000000002,7.738573298429319
2021-02-20,175.262,6.729216867469879,4.525692771084337,12.830000000000002,7.426745699744062
2021-03-02,182.984,8.152552552552551,5.474294294294294,12.830000000000002,8.547125222809147
2021-03-05,211.185,5.507552870090635,3.4153172205438067,12.830000000000002,5.83259661755336
2021-03-07,257.809,6.184649122807017,3.643114035087719,12.830000000000002,6.375449561403508
2021-03-16,100.121,7.418226600985222,4.485073891625616,12.830000000000002,7.651852159468438
2021-05-22,190.363,5.524078624078625,3.137027027027027,12.830000000000002,5.489797297297297
2021-06-02,178.517,5.488976377952756,3.5992125984251966,12.830000000000002,5.9939413823272085
2021-06-05,204.287,5.507432432432433,3.4212837837837835,12.830000000000002,5.987246621621622
2021-06-14,169.858,5.251219512195122,3.0624661246612463,12.830000000000002,5.359315718157182
2021-06-27,213.547,6.269956140350877,3.7641885964912283,12.830000000000002,6.587330043859649
2021-07-05,176.276,6.510732984293194,3.7883769633507858,12.830000000000002,6.629659685863873
2021-07-10,176.065,6.292972972972973,3.512459459459459,12.830000000000002,6.146804054054054
2021-08-09,234.344,7.216216216216216,4.18240990990991,12.830000000000002,7.195027098218358
2021-08-19,183.245,8.257303370786516,5.012668539325842,12.830000000000002,8.758325371728453
2021-09-02,161.364,8.173493975903614,5.287921686746988,12.830000000000002,8.60574174798367
2021-09-26,148.806,7.881739130434782,4.7156231884057975,12.830000000000002,8.252340579710145
2021-10-28,80.941,9.0425,5.9673125,12.830000000000002,9.83569061807649
2021-12-01,73.794,6.065116279069768,3.8977906976744183,12.830000000000002,6.517190943203462
2021-12-10,68.296,5.824096385542169,3.8004819277108433,12.830000000000002,6.415360972495946
2021-12-20,82.83200000000001,4.3895348837209305,2.723662790697674,12.830000000000002,4.393018643823447
2022-02-05,208.189,7.414044943820225,4.326769662921348,12.830000000000002,7.492928404548401
2022-02-17,112.077,4.38546511627907,2.523720930232558,12.830000000000002,4.3683607324244855
2022-03-19,201.276,8.85295566502463,5.4971182266009855,12.830000000000002,9.42086315913954
2022-03-20,173.788,8.2593837535014,5.503305322128852,12.830000000000002,9.170193250633725
2022-03-21,192.734,9.08215223097113,6.637637795275591,12.830000000000002,9.403909818513009
2022-03-31,92.587,7.627710843373494,4.623975903614458,12.830000000000002,7.547832617247888
2022-04-06,109.94500000000001,6.836756756756756,4.24,12.830000000000002,6.682151662673094
2022-04-13,100.363,7.92167487684729,4.421477832512315,12.830000000000002,7.73039859664711
2022-04-17,107.549,7.085087719298246,4.41530701754386,12.830000000000002,7.487659358452431
2022-04-18,112.679,5.488202247191011,3.144887640449438,12.830000000000002,5.4863460077595905
2022-04-29,106.05199999999999,5.657360406091371,3.335177664974619,12.830000000000002,5.7677056681739085
2022-05-19,92.356,6.525225225225225,4.194324324324325,12.830000000000002,7.155321044689115
2022-05-22,164.269,6.81904761904762,4.329243697478992,12.830000000000002,7.2161950712932885
2022-05-27,86.554,6.356216216216216,3.6982702702702706,12.830000000000002,6.471972972972973
2022-06-03,185.595,4.716230366492146,2.7690837696335078,12.830000000000002,4.845896596858639
2022-06-24,104.325,4.8197368421052635,2.811578947368421,12.830000000000002,4.915461241418765
2022-07-13,150.034,5.73993993993994,3.2204804804804805,12.830000000000002,5.487192192192192
2022-07-20,160.945,6.365405405405405,3.98272972972973,12.830000000000002,6.680307414105829
2022-07-29,331.236,3.6572674418604647,2.074040697674419,12.830000000000002,3.4241311555021348
2022-08-10,288.214,4.17,2.4233125,12.830000000000002,4.002093143582952
2022-08-17,358.863,3.943455497382199,2.1710994764397906,12.830000000000002,3.6906932542879884
2022-08-18,424.262,4.903728070175438,2.8170394736842104,12.830000000000002,4.668896942538324
2022-09-02,328.216,4.888235294117647,3.5113165266106443,12.830000000000002,5.253114511298064
2022-09-27,158.187,4.877157360406091,2.548527918781726,12.830000000000002,4.297040630389475
2022-10-02,253.861,5.3349397590361445,2.8442771084337353,12.830000000000002,4.8637529465688845
2022-10-06,353.217,4.30763723150358,2.1336992840095466,12.830000000000002,3.6610162893620966
2022-10-22,299.448,4.175942028985507,2.2068115942028985,12.830000000000002,3.6673777454121224
2022-10-24,199.326,4.038157894736842,2.3051754385964913,12.830000000000002,3.935697160404528
2022-11-10,122.883,3.3325000000000005,1.9206875,12.830000000000002,2.986668829928406
2022-12-08,173.924,3.3639593908629446,1.831928934010152,12.830000000000002,3.0793913239436095
2023-01-01,329.635,4.755643044619423,3.0288451443569553,12.830000000000002,5.1217342319544885
2023-01-27,283.135,8.802631578947368,5.001184210526316,12.830000000000002,8.697989551083591
2023-01-28,235.443,8.178915662650603,4.7038253012048195,12.830000000000002,8.231694277108435
2023-02-16,155.351,5.544670050761421,3.295177664974619,12.830000000000002,5.632218772492441
2023-03-03,152.142,4.980120481927711,2.8672891566265064,12.830000000000002,4.7989059333307456
2023-03-14,140.076,6.631472081218274,3.732741116751269,12.830000000000002,6.075760647885147
2023-03-23,179.648,7.2859649122807015,4.897105263157894,12.830000000000002,8.050185880495121
2023-03-27,149.361,8.50935960591133,5.600935960591133,12.830000000000002,9.44545778697574
2023-03-28,145.975,5.817837837837837,3.9827027027027024,12.830000000000002,6.428705032687811
2023-04-06,136.403,6.105617977528089,3.663707865168539,12.830000000000002,6.269264808587043
2023-04-27,141.667,4.476847290640394,3.3158128078817737,12.830000000000002,5.173402015364006
2023-04-29,169.132,5.360964912280702,3.700482456140351,12.830000000000002,6.1698023369344455
2023-06-20,126.228,5.32565445026178,3.5293193717277487,12.830000000000002,5.7662829807196125
2020-09-16,176.949,6.494350282485875,4.362316384180791,12.829999999999998,7.075176717908291
2020-09-25,173.781,8.226086956521739,4.868179347826087,12.829999999999998,8.519313858695652
2020-09-30,177.129,8.299717514124293,5.02542372881356,12.829999999999998,8.694479849914927
2020-10-18,226.735,7.790170940170941,4.646217948717949,12.829999999999998,8.125507214835919
2020-11-07,223.593,5.247631578947368,3.1388684210526314,12.829999999999998,5.242673685177781
2020-11-21,460.103,4.311864406779661,2.559350282485876,12.829999999999998,4.402146892655367
2020-12-01,287.797,3.7334239130434783,2.306304347826087,12.829999999999998,4.001208935566767
2020-12-04,242.529,4.090140845070422,2.6791830985915492,12.829999999999998,4.507972644327668
2021-01-01,224.797,5.375988700564972,3.4301412429378533,12.829999999999998,5.749258373528065
2021-01-08,234.462,6.042727272727272,4.0120000000000005,12.829999999999998,6.660466870464294
2021-01-10,250.645,5.891576086956522,3.9620652173913045,12.829999999999998,6.451948615243452
2021-01-16,252.825,7.554591836734694,4.8787244897959186,12.829999999999998,8.257667245469616
2021-01-17,228.99099999999999,7.177966101694915,4.561638418079096,12.829999999999998,7.696062703866883
2021-01-20,197.824,7.322492401215805,5.013647416413374,12.829999999999998,7.721780648429585
2021-01-23,214.815,6.869491525423729,4.383050847457627,12.829999999999998,7.170201552917451
2021-01-25,224.149,6.492937853107344,4.357994350282486,12.829999999999998,7.07680293484486
2021-03-14,176.032,7.706842105263157,4.867921052631579,12.829999999999998,8.125240333221912
2021-03-26,167.327,9.202915451895043,5.3400583090379,12.829999999999998,9.338077190059698
2021-04-07,198.107,8.557627118644069,5.271186440677966,12.829999999999998,9.160191686844229
2021-04-10,203.93,7.783967391304348,4.819755434782609,12.829999999999998,8.327279827100138
2021-04-18,194.451,6.841576086956521,4.326385869565217,12.829999999999998,7.571175271739131
2021-06-26,197.69,6.4725581395348835,3.86046511627907,12.829999999999998,6.755813953488372
2021-08-06,189.756,6.773827160493828,4.11920987654321,12.829999999999998,7.123623534927332
2021-10-05,180.889,7.849363867684479,4.706335877862595,12.829999999999998,8.1981106870229
2021-10-07,183.467,7.453944020356234,4.4270483460559795,12.829999999999998,7.746008269720102
2021-10-19,78.684,9.169565217391305,5.574510869565217,12.829999999999998,9.737341107421424
2021-10-27,94.727,8.684782608695652,5.647880434782609,12.829999999999998,9.56680757966971
2021-11-28,78.347,6.979591836734694,4.276428571428571,12.829999999999998,7.4677700018060325
2021-12-16,99.125,4.856497175141243,2.866497175141243,12.829999999999998,4.852862930922582
2022-02-02,88.412,8.214689265536723,4.321920903954802,12.829999999999998,7.563361581920904
2022-03-15,102.32900000000001,7.032727272727273,4.458909090909091,12.829999999999998,7.569993506001071
2022-03-16,105.619,7.347368421052631,4.976736842105264,12.829999999999998,7.9125224156408995
2022-03-26,152.529,10.42514619883041,8.542631578947368,12.829999999999998,11.5640507518797
2022-04-24,99.189,5.905434782608695,3.518532608695652,12.829999999999998,6.15634676564157
2022-05-16,82.78,6.674736842105263,3.9139999999999997,12.829999999999998,6.822657894736842
2022-05-18,92.724,6.820408163265306,4.313979591836734,12.829999999999998,7.430778270324523
2022-05-20,90.647,6.9826530612244895,4.376734693877551,12.829999999999998,7.649579290732686
2022-06-05,102.505,4.8931623931623935,2.8685042735042736,12.829999999999998,4.959917443667443
2022-07-10,186.916,5.730370370370371,3.2905925925925925,12.829999999999998,5.758537037037037
2022-08-01,304.399,3.9495626822157437,2.242244897959184,12.829999999999998,3.6610539742704375
2022-08-28,252.244,5.876676384839651,3.225247813411079,12.829999999999998,5.546806612657705
2022-09-01,311.034,4.420364741641337,2.977112462006079,12.829999999999998,4.598619786753516
2022-09-20,262.543,5.165889212827989,3.2060349854227406,12.829999999999998,4.997369819642606
2022-10-10,288.07,4.6471124620060795,2.5882978723404255,12.829999999999998,4.227920077907856
2023-01-12,202.709,4.795299145299145,3.408931623931624,12.829999999999998,5.230904966228247
2023-02-20,138.164,5.905454545454545,3.7741818181818183,12.829999999999998,6.180943297090878
2023-03-26,264.043,7.7096491228070185,5.27733918128655,12.829999999999998,8.56020294630456
2023-04-11,158.881,4.380526315789473,3.024105263157895,12.829999999999998,4.740513223439744
2023-04-18,182.607,4.617521367521367,3.39991452991453,12.829999999999998,5.125857446805963
2023-04-22,330.85,5.504700854700856,3.957136752136752,12.829999999999998,6.298820707877239
2023-04-23,279.352,4.47683615819209,3.1895480225988697,12.829999999999998,5.07846749604481
2023-04-30,132.248,5.648979591836735,4.110255102040816,12.829999999999998,6.541536775331915
2023-05-09,145.033,5.574641148325359,3.8780382775119615,12.829999999999998,6.178430137395823
2023-05-18,112.688,5.791304347826086,3.679130434782609,12.829999999999998,6.212440194343258
2023-06-01,136.982,5.496650717703349,3.704736842105263,12.829999999999998,5.9362779814911155
2023-06-06,152.439,5.851162790697674,3.7791627906976744,12.829999999999998,6.359661712138555
2023-06-07,135.735,5.656459330143541,3.72755980861244,12.829999999999998,6.276001652625171
2023-06-10,240.235,6.152861035422343,4.052261580381471,12.829999999999998,6.769766262387417
2023-06-27,127.278,5.036734693877551,3.2768877551020408,12.829999999999998,5.299558979756012
